// Jest Snapshot v1, https://goo.gl/fbAQLP

exports[`App should match snapshot 1`] = `
<div
  className="App"
>
  <header
    className="App-header"
    role="banner"
  >
    <h1
      className="App-title"
      id="main-heading"
    >
      Demo Account and Document Preference Delivery
    </h1>
  </header>
  <main
    role="main"
  >
    <div
      className="container"
    >
      <div
        className="sc-beySPh kIPIVA"
        role="region"
      >
        <div>
          Loading...
        </div>
      </div>
      <div
        aria-label="Account Table"
        className="sc-beySPh kIPIVA"
        role="region"
      >
        <div>
          Loading...
        </div>
      </div>
    </div>
  </main>
</div>
`;
